// Jest Snapshot v1, https://goo.gl/fbAQLP

exports[`Molecules/CheckBox passes the snapshot test for basic setup 1`] = `
<View
  style={
    Object {
      "flex": 1,
    }
  }
>
  <View
    accessibilityLabel="Check me!"
    accessibilityRole="checkbox"
    accessibilityState={
      Object {
        "checked": undefined,
        "disabled": false,
      }
    }
    accessible={true}
    animatedStyle={
      Object {
        "value": Object {
          "transform": Array [],
        },
      }
    }
    collapsable={false}
    direction="horizontal"
    spacing="xs"
    style={
      Object {
        "alignSelf": "flex-start",
        "display": "flex",
        "flexDirection": "row",
        "flexWrap": "wrap",
        "marginVertical": 4,
        "opacity": 1,
        "transform": Array [],
      }
    }
  >
    <View
      animatedStyle={
        Object {
          "value": Object {
            "transform": Array [],
          },
        }
      }
      collapsable={false}
      style={
        Object {
          "alignSelf": "stretch",
          "display": "flex",
          "flexDirection": "row",
          "marginRight": 8,
          "transform": Array [],
        }
      }
    >
      <RNGestureHandlerButton
        collapsable={false}
        exclusive={true}
        onGestureEvent={[Function]}
        onGestureHandlerEvent={[Function]}
        onGestureHandlerStateChange={[Function]}
        onHandlerStateChange={[Function]}
        rippleColor={0}
      >
        <View
          accessibilityLabel="Press me!"
          accessibilityRole="button"
          accessible={true}
          style={Object {}}
        >
          <View
            animatedStyle={
              Object {
                "value": Object {
                  "transform": Array [],
                },
              }
            }
            collapsable={false}
            style={
              Object {
                "alignItems": "center",
                "alignSelf": "center",
                "backgroundColor": "#EDF1F7",
                "borderColor": "#EDF1F7",
                "borderRadius": 4,
                "borderWidth": 2,
                "display": "flex",
                "justifyContent": "center",
                "padding": 2,
                "transform": Array [],
              }
            }
          >
            <Text />
          </View>
        </View>
      </RNGestureHandlerButton>
    </View>
    <View
      animatedStyle={
        Object {
          "value": Object {
            "transform": Array [],
          },
        }
      }
      collapsable={false}
      style={
        Object {
          "alignSelf": "stretch",
          "display": "flex",
          "flexDirection": "row",
          "transform": Array [],
        }
      }
    >
      <Text
        accessibilityRole="text"
        accessible={true}
        allowFontScaling={true}
        animatedStyle={
          Object {
            "value": Object {
              "transform": Array [],
            },
          }
        }
        collapsable={false}
        style={
          Object {
            "alignSelf": "center",
            "color": "#1A2138",
            "display": "flex",
            "fontFamily": "Poppins-Regular",
            "fontSize": 16.099999999999998,
            "fontStyle": "normal",
            "fontWeight": "400",
            "includeFontPadding": false,
            "letterSpacing": 0,
            "lineHeight": 22,
            "transform": Array [],
          }
        }
        variant="p2"
      >
        Check me!
      </Text>
    </View>
  </View>
</View>
`;

exports[`Molecules/CheckBox passes the snapshot test for different color schemes 1`] = `
<View
  style={
    Object {
      "flex": 1,
    }
  }
>
  <View
    accessibilityLabel="Primary CheckBox"
    accessibilityRole="checkbox"
    accessibilityState={
      Object {
        "checked": undefined,
        "disabled": false,
      }
    }
    accessible={true}
    animatedStyle={
      Object {
        "value": Object {
          "transform": Array [],
        },
      }
    }
    collapsable={false}
    direction="horizontal"
    spacing="xs"
    style={
      Object {
        "alignSelf": "flex-start",
        "display": "flex",
        "flexDirection": "row",
        "flexWrap": "wrap",
        "marginVertical": 4,
        "opacity": 1,
        "transform": Array [],
      }
    }
  >
    <View
      animatedStyle={
        Object {
          "value": Object {
            "transform": Array [],
          },
        }
      }
      collapsable={false}
      style={
        Object {
          "alignSelf": "stretch",
          "display": "flex",
          "flexDirection": "row",
          "marginRight": 8,
          "transform": Array [],
        }
      }
    >
      <RNGestureHandlerButton
        collapsable={false}
        exclusive={true}
        onGestureEvent={[Function]}
        onGestureHandlerEvent={[Function]}
        onGestureHandlerStateChange={[Function]}
        onHandlerStateChange={[Function]}
        rippleColor={0}
      >
        <View
          accessibilityLabel="Press me!"
          accessibilityRole="button"
          accessible={true}
          style={Object {}}
        >
          <View
            animatedStyle={
              Object {
                "value": Object {
                  "transform": Array [],
                },
              }
            }
            collapsable={false}
            style={
              Object {
                "alignItems": "center",
                "alignSelf": "center",
                "backgroundColor": "#EDF1F7",
                "borderColor": "#EDF1F7",
                "borderRadius": 4,
                "borderWidth": 2,
                "display": "flex",
                "justifyContent": "center",
                "padding": 2,
                "transform": Array [],
              }
            }
          >
            <Text
              accessibilityLabel="checkmark Icon"
              accessible={true}
              allowFontScaling={false}
              animatedStyle={
                Object {
                  "value": Object {
                    "transform": Array [],
                  },
                }
              }
              checkedIconFamily="Ionicons"
              checkedIconName="checkmark-sharp"
              collapsable={false}
              indeterminateIconFamily="Ionicons"
              indeterminateIconName="remove-outline"
              style={
                Array [
                  Object {
                    "color": undefined,
                    "fontSize": 17.25,
                  },
                  Object {
                    "color": "transparent",
                    "display": "flex",
                    "transform": Array [],
                  },
                  Object {
                    "fontFamily": "ionicons",
                    "fontStyle": "normal",
                    "fontWeight": "normal",
                  },
                  Object {},
                ]
              }
            >
              
            </Text>
          </View>
        </View>
      </RNGestureHandlerButton>
    </View>
    <View
      animatedStyle={
        Object {
          "value": Object {
            "transform": Array [],
          },
        }
      }
      collapsable={false}
      style={
        Object {
          "alignSelf": "stretch",
          "display": "flex",
          "flexDirection": "row",
          "transform": Array [],
        }
      }
    >
      <Text
        accessibilityRole="text"
        accessible={true}
        allowFontScaling={true}
        animatedStyle={
          Object {
            "value": Object {
              "transform": Array [],
            },
          }
        }
        collapsable={false}
        style={
          Object {
            "alignSelf": "center",
            "color": "#1A2138",
            "display": "flex",
            "fontFamily": "Poppins-Regular",
            "fontSize": 16.099999999999998,
            "fontStyle": "normal",
            "fontWeight": "400",
            "includeFontPadding": false,
            "letterSpacing": 0,
            "lineHeight": 22,
            "transform": Array [],
          }
        }
        variant="p2"
      >
        Primary CheckBox
      </Text>
    </View>
  </View>
  <View
    accessibilityLabel="Secondary CheckBox"
    accessibilityRole="checkbox"
    accessibilityState={
      Object {
        "checked": undefined,
        "disabled": false,
      }
    }
    accessible={true}
    animatedStyle={
      Object {
        "value": Object {
          "transform": Array [],
        },
      }
    }
    collapsable={false}
    direction="horizontal"
    spacing="xs"
    style={
      Object {
        "alignSelf": "flex-start",
        "display": "flex",
        "flexDirection": "row",
        "flexWrap": "wrap",
        "marginVertical": 4,
        "opacity": 1,
        "transform": Array [],
      }
    }
  >
    <View
      animatedStyle={
        Object {
          "value": Object {
            "transform": Array [],
          },
        }
      }
      collapsable={false}
      style={
        Object {
          "alignSelf": "stretch",
          "display": "flex",
          "flexDirection": "row",
          "marginRight": 8,
          "transform": Array [],
        }
      }
    >
      <RNGestureHandlerButton
        collapsable={false}
        exclusive={true}
        onGestureEvent={[Function]}
        onGestureHandlerEvent={[Function]}
        onGestureHandlerStateChange={[Function]}
        onHandlerStateChange={[Function]}
        rippleColor={0}
      >
        <View
          accessibilityLabel="Press me!"
          accessibilityRole="button"
          accessible={true}
          style={Object {}}
        >
          <View
            animatedStyle={
              Object {
                "value": Object {
                  "transform": Array [],
                },
              }
            }
            collapsable={false}
            style={
              Object {
                "alignItems": "center",
                "alignSelf": "center",
                "backgroundColor": "#EDF1F7",
                "borderColor": "#EDF1F7",
                "borderRadius": 4,
                "borderWidth": 2,
                "display": "flex",
                "justifyContent": "center",
                "padding": 2,
                "transform": Array [],
              }
            }
          >
            <Text
              accessibilityLabel="checkmark Icon"
              accessible={true}
              allowFontScaling={false}
              animatedStyle={
                Object {
                  "value": Object {
                    "transform": Array [],
                  },
                }
              }
              checkedIconFamily="Ionicons"
              checkedIconName="checkmark-sharp"
              collapsable={false}
              indeterminateIconFamily="Ionicons"
              indeterminateIconName="remove-outline"
              style={
                Array [
                  Object {
                    "color": undefined,
                    "fontSize": 17.25,
                  },
                  Object {
                    "color": "transparent",
                    "display": "flex",
                    "transform": Array [],
                  },
                  Object {
                    "fontFamily": "ionicons",
                    "fontStyle": "normal",
                    "fontWeight": "normal",
                  },
                  Object {},
                ]
              }
            >
              
            </Text>
          </View>
        </View>
      </RNGestureHandlerButton>
    </View>
    <View
      animatedStyle={
        Object {
          "value": Object {
            "transform": Array [],
          },
        }
      }
      collapsable={false}
      style={
        Object {
          "alignSelf": "stretch",
          "display": "flex",
          "flexDirection": "row",
          "transform": Array [],
        }
      }
    >
      <Text
        accessibilityRole="text"
        accessible={true}
        allowFontScaling={true}
        animatedStyle={
          Object {
            "value": Object {
              "transform": Array [],
            },
          }
        }
        collapsable={false}
        style={
          Object {
            "alignSelf": "center",
            "color": "#1A2138",
            "display": "flex",
            "fontFamily": "Poppins-Regular",
            "fontSize": 16.099999999999998,
            "fontStyle": "normal",
            "fontWeight": "400",
            "includeFontPadding": false,
            "letterSpacing": 0,
            "lineHeight": 22,
            "transform": Array [],
          }
        }
        variant="p2"
      >
        Secondary CheckBox
      </Text>
    </View>
  </View>
</View>
`;

exports[`Molecules/CheckBox passes the snapshot test for different sizes 1`] = `
<View
  style={
    Object {
      "flex": 1,
    }
  }
>
  <View
    accessibilityLabel="Small Checkbox"
    accessibilityRole="checkbox"
    accessibilityState={
      Object {
        "checked": undefined,
        "disabled": false,
      }
    }
    accessible={true}
    animatedStyle={
      Object {
        "value": Object {
          "transform": Array [],
        },
      }
    }
    collapsable={false}
    direction="horizontal"
    spacing="xs"
    style={
      Object {
        "alignSelf": "flex-start",
        "display": "flex",
        "flexDirection": "row",
        "flexWrap": "wrap",
        "marginVertical": 4,
        "opacity": 1,
        "transform": Array [],
      }
    }
  >
    <View
      animatedStyle={
        Object {
          "value": Object {
            "transform": Array [],
          },
        }
      }
      collapsable={false}
      style={
        Object {
          "alignSelf": "stretch",
          "display": "flex",
          "flexDirection": "row",
          "marginRight": 8,
          "transform": Array [],
        }
      }
    >
      <RNGestureHandlerButton
        collapsable={false}
        exclusive={true}
        onGestureEvent={[Function]}
        onGestureHandlerEvent={[Function]}
        onGestureHandlerStateChange={[Function]}
        onHandlerStateChange={[Function]}
        rippleColor={0}
      >
        <View
          accessibilityLabel="Press me!"
          accessibilityRole="button"
          accessible={true}
          style={Object {}}
        >
          <View
            animatedStyle={
              Object {
                "value": Object {
                  "transform": Array [],
                },
              }
            }
            collapsable={false}
            style={
              Object {
                "alignItems": "center",
                "alignSelf": "center",
                "backgroundColor": "#EDF1F7",
                "borderColor": "#EDF1F7",
                "borderRadius": 4,
                "borderWidth": 2,
                "display": "flex",
                "justifyContent": "center",
                "padding": 2,
                "transform": Array [],
              }
            }
          >
            <Text
              accessibilityLabel="checkmark Icon"
              accessible={true}
              allowFontScaling={false}
              animatedStyle={
                Object {
                  "value": Object {
                    "transform": Array [],
                  },
                }
              }
              checkedIconFamily="Ionicons"
              checkedIconName="checkmark-sharp"
              collapsable={false}
              indeterminateIconFamily="Ionicons"
              indeterminateIconName="remove-outline"
              style={
                Array [
                  Object {
                    "color": undefined,
                    "fontSize": 11.5,
                  },
                  Object {
                    "color": "transparent",
                    "display": "flex",
                    "transform": Array [],
                  },
                  Object {
                    "fontFamily": "ionicons",
                    "fontStyle": "normal",
                    "fontWeight": "normal",
                  },
                  Object {},
                ]
              }
            >
              
            </Text>
          </View>
        </View>
      </RNGestureHandlerButton>
    </View>
    <View
      animatedStyle={
        Object {
          "value": Object {
            "transform": Array [],
          },
        }
      }
      collapsable={false}
      style={
        Object {
          "alignSelf": "stretch",
          "display": "flex",
          "flexDirection": "row",
          "transform": Array [],
        }
      }
    >
      <Text
        accessibilityRole="text"
        accessible={true}
        allowFontScaling={true}
        animatedStyle={
          Object {
            "value": Object {
              "transform": Array [],
            },
          }
        }
        collapsable={false}
        style={
          Object {
            "alignSelf": "center",
            "color": "#1A2138",
            "display": "flex",
            "fontFamily": "Poppins-Regular",
            "fontSize": 16.099999999999998,
            "fontStyle": "normal",
            "fontWeight": "400",
            "includeFontPadding": false,
            "letterSpacing": 0,
            "lineHeight": 22,
            "transform": Array [],
          }
        }
        variant="p2"
      >
        Small Checkbox
      </Text>
    </View>
  </View>
  <View
    accessibilityLabel="Regular Checkbox"
    accessibilityRole="checkbox"
    accessibilityState={
      Object {
        "checked": undefined,
        "disabled": false,
      }
    }
    accessible={true}
    animatedStyle={
      Object {
        "value": Object {
          "transform": Array [],
        },
      }
    }
    collapsable={false}
    direction="horizontal"
    spacing="xs"
    style={
      Object {
        "alignSelf": "flex-start",
        "display": "flex",
        "flexDirection": "row",
        "flexWrap": "wrap",
        "marginVertical": 4,
        "opacity": 1,
        "transform": Array [],
      }
    }
  >
    <View
      animatedStyle={
        Object {
          "value": Object {
            "transform": Array [],
          },
        }
      }
      collapsable={false}
      style={
        Object {
          "alignSelf": "stretch",
          "display": "flex",
          "flexDirection": "row",
          "marginRight": 8,
          "transform": Array [],
        }
      }
    >
      <RNGestureHandlerButton
        collapsable={false}
        exclusive={true}
        onGestureEvent={[Function]}
        onGestureHandlerEvent={[Function]}
        onGestureHandlerStateChange={[Function]}
        onHandlerStateChange={[Function]}
        rippleColor={0}
      >
        <View
          accessibilityLabel="Press me!"
          accessibilityRole="button"
          accessible={true}
          style={Object {}}
        >
          <View
            animatedStyle={
              Object {
                "value": Object {
                  "transform": Array [],
                },
              }
            }
            collapsable={false}
            style={
              Object {
                "alignItems": "center",
                "alignSelf": "center",
                "backgroundColor": "#EDF1F7",
                "borderColor": "#EDF1F7",
                "borderRadius": 4,
                "borderWidth": 2,
                "display": "flex",
                "justifyContent": "center",
                "padding": 2,
                "transform": Array [],
              }
            }
          >
            <Text
              accessibilityLabel="checkmark Icon"
              accessible={true}
              allowFontScaling={false}
              animatedStyle={
                Object {
                  "value": Object {
                    "transform": Array [],
                  },
                }
              }
              checkedIconFamily="Ionicons"
              checkedIconName="checkmark-sharp"
              collapsable={false}
              indeterminateIconFamily="Ionicons"
              indeterminateIconName="remove-outline"
              style={
                Array [
                  Object {
                    "color": undefined,
                    "fontSize": 17.25,
                  },
                  Object {
                    "color": "transparent",
                    "display": "flex",
                    "transform": Array [],
                  },
                  Object {
                    "fontFamily": "ionicons",
                    "fontStyle": "normal",
                    "fontWeight": "normal",
                  },
                  Object {},
                ]
              }
            >
              
            </Text>
          </View>
        </View>
      </RNGestureHandlerButton>
    </View>
    <View
      animatedStyle={
        Object {
          "value": Object {
            "transform": Array [],
          },
        }
      }
      collapsable={false}
      style={
        Object {
          "alignSelf": "stretch",
          "display": "flex",
          "flexDirection": "row",
          "transform": Array [],
        }
      }
    >
      <Text
        accessibilityRole="text"
        accessible={true}
        allowFontScaling={true}
        animatedStyle={
          Object {
            "value": Object {
              "transform": Array [],
            },
          }
        }
        collapsable={false}
        style={
          Object {
            "alignSelf": "center",
            "color": "#1A2138",
            "display": "flex",
            "fontFamily": "Poppins-Regular",
            "fontSize": 16.099999999999998,
            "fontStyle": "normal",
            "fontWeight": "400",
            "includeFontPadding": false,
            "letterSpacing": 0,
            "lineHeight": 22,
            "transform": Array [],
          }
        }
        variant="p2"
      >
        Regular Checkbox
      </Text>
    </View>
  </View>
  <View
    accessibilityLabel="Large Checkbox"
    accessibilityRole="checkbox"
    accessibilityState={
      Object {
        "checked": undefined,
        "disabled": false,
      }
    }
    accessible={true}
    animatedStyle={
      Object {
        "value": Object {
          "transform": Array [],
        },
      }
    }
    collapsable={false}
    direction="horizontal"
    spacing="xs"
    style={
      Object {
        "alignSelf": "flex-start",
        "display": "flex",
        "flexDirection": "row",
        "flexWrap": "wrap",
        "marginVertical": 4,
        "opacity": 1,
        "transform": Array [],
      }
    }
  >
    <View
      animatedStyle={
        Object {
          "value": Object {
            "transform": Array [],
          },
        }
      }
      collapsable={false}
      style={
        Object {
          "alignSelf": "stretch",
          "display": "flex",
          "flexDirection": "row",
          "marginRight": 8,
          "transform": Array [],
        }
      }
    >
      <RNGestureHandlerButton
        collapsable={false}
        exclusive={true}
        onGestureEvent={[Function]}
        onGestureHandlerEvent={[Function]}
        onGestureHandlerStateChange={[Function]}
        onHandlerStateChange={[Function]}
        rippleColor={0}
      >
        <View
          accessibilityLabel="Press me!"
          accessibilityRole="button"
          accessible={true}
          style={Object {}}
        >
          <View
            animatedStyle={
              Object {
                "value": Object {
                  "transform": Array [],
                },
              }
            }
            collapsable={false}
            style={
              Object {
                "alignItems": "center",
                "alignSelf": "center",
                "backgroundColor": "#EDF1F7",
                "borderColor": "#EDF1F7",
                "borderRadius": 8,
                "borderWidth": 2,
                "display": "flex",
                "justifyContent": "center",
                "padding": 2,
                "transform": Array [],
              }
            }
          >
            <Text
              accessibilityLabel="checkmark Icon"
              accessible={true}
              allowFontScaling={false}
              animatedStyle={
                Object {
                  "value": Object {
                    "transform": Array [],
                  },
                }
              }
              checkedIconFamily="Ionicons"
              checkedIconName="checkmark-sharp"
              collapsable={false}
              indeterminateIconFamily="Ionicons"
              indeterminateIconName="remove-outline"
              style={
                Array [
                  Object {
                    "color": undefined,
                    "fontSize": 23,
                  },
                  Object {
                    "color": "transparent",
                    "display": "flex",
                    "transform": Array [],
                  },
                  Object {
                    "fontFamily": "ionicons",
                    "fontStyle": "normal",
                    "fontWeight": "normal",
                  },
                  Object {},
                ]
              }
            >
              
            </Text>
          </View>
        </View>
      </RNGestureHandlerButton>
    </View>
    <View
      animatedStyle={
        Object {
          "value": Object {
            "transform": Array [],
          },
        }
      }
      collapsable={false}
      style={
        Object {
          "alignSelf": "stretch",
          "display": "flex",
          "flexDirection": "row",
          "transform": Array [],
        }
      }
    >
      <Text
        accessibilityRole="text"
        accessible={true}
        allowFontScaling={true}
        animatedStyle={
          Object {
            "value": Object {
              "transform": Array [],
            },
          }
        }
        collapsable={false}
        style={
          Object {
            "alignSelf": "center",
            "color": "#1A2138",
            "display": "flex",
            "fontFamily": "Poppins-Regular",
            "fontSize": 18.4,
            "fontStyle": "normal",
            "fontWeight": "400",
            "includeFontPadding": false,
            "letterSpacing": 0,
            "lineHeight": 24,
            "transform": Array [],
          }
        }
        variant="p1"
      >
        Large Checkbox
      </Text>
    </View>
  </View>
  <View
    accessibilityLabel="Extra Large Checkbox"
    accessibilityRole="checkbox"
    accessibilityState={
      Object {
        "checked": undefined,
        "disabled": false,
      }
    }
    accessible={true}
    animatedStyle={
      Object {
        "value": Object {
          "transform": Array [],
        },
      }
    }
    collapsable={false}
    direction="horizontal"
    spacing="xs"
    style={
      Object {
        "alignSelf": "flex-start",
        "display": "flex",
        "flexDirection": "row",
        "flexWrap": "wrap",
        "marginVertical": 4,
        "opacity": 1,
        "transform": Array [],
      }
    }
  >
    <View
      animatedStyle={
        Object {
          "value": Object {
            "transform": Array [],
          },
        }
      }
      collapsable={false}
      style={
        Object {
          "alignSelf": "stretch",
          "display": "flex",
          "flexDirection": "row",
          "marginRight": 8,
          "transform": Array [],
        }
      }
    >
      <RNGestureHandlerButton
        collapsable={false}
        exclusive={true}
        onGestureEvent={[Function]}
        onGestureHandlerEvent={[Function]}
        onGestureHandlerStateChange={[Function]}
        onHandlerStateChange={[Function]}
        rippleColor={0}
      >
        <View
          accessibilityLabel="Press me!"
          accessibilityRole="button"
          accessible={true}
          style={Object {}}
        >
          <View
            animatedStyle={
              Object {
                "value": Object {
                  "transform": Array [],
                },
              }
            }
            collapsable={false}
            style={
              Object {
                "alignItems": "center",
                "alignSelf": "center",
                "backgroundColor": "#EDF1F7",
                "borderColor": "#EDF1F7",
                "borderRadius": 8,
                "borderWidth": 2,
                "display": "flex",
                "justifyContent": "center",
                "padding": 2,
                "transform": Array [],
              }
            }
          >
            <Text
              accessibilityLabel="checkmark Icon"
              accessible={true}
              allowFontScaling={false}
              animatedStyle={
                Object {
                  "value": Object {
                    "transform": Array [],
                  },
                }
              }
              checkedIconFamily="Ionicons"
              checkedIconName="checkmark-sharp"
              collapsable={false}
              indeterminateIconFamily="Ionicons"
              indeterminateIconName="remove-outline"
              style={
                Array [
                  Object {
                    "color": undefined,
                    "fontSize": 34.5,
                  },
                  Object {
                    "color": "transparent",
                    "display": "flex",
                    "transform": Array [],
                  },
                  Object {
                    "fontFamily": "ionicons",
                    "fontStyle": "normal",
                    "fontWeight": "normal",
                  },
                  Object {},
                ]
              }
            >
              
            </Text>
          </View>
        </View>
      </RNGestureHandlerButton>
    </View>
    <View
      animatedStyle={
        Object {
          "value": Object {
            "transform": Array [],
          },
        }
      }
      collapsable={false}
      style={
        Object {
          "alignSelf": "stretch",
          "display": "flex",
          "flexDirection": "row",
          "transform": Array [],
        }
      }
    >
      <Text
        accessibilityRole="text"
        accessible={true}
        allowFontScaling={true}
        animatedStyle={
          Object {
            "value": Object {
              "transform": Array [],
            },
          }
        }
        collapsable={false}
        style={
          Object {
            "alignSelf": "center",
            "color": "#1A2138",
            "display": "flex",
            "fontFamily": "Poppins-Regular",
            "fontSize": 18.4,
            "fontStyle": "normal",
            "fontWeight": "400",
            "includeFontPadding": false,
            "letterSpacing": 0,
            "lineHeight": 24,
            "transform": Array [],
          }
        }
        variant="p1"
      >
        Extra Large Checkbox
      </Text>
    </View>
  </View>
</View>
`;

exports[`Molecules/CheckBox passes the snapshot test for different variants 1`] = `
<View
  style={
    Object {
      "flex": 1,
    }
  }
>
  <View
    accessibilityLabel="Filled Checkbox"
    accessibilityRole="checkbox"
    accessibilityState={
      Object {
        "checked": undefined,
        "disabled": false,
      }
    }
    accessible={true}
    animatedStyle={
      Object {
        "value": Object {
          "transform": Array [],
        },
      }
    }
    collapsable={false}
    direction="horizontal"
    spacing="xs"
    style={
      Object {
        "alignSelf": "flex-start",
        "display": "flex",
        "flexDirection": "row",
        "flexWrap": "wrap",
        "marginVertical": 4,
        "opacity": 1,
        "transform": Array [],
      }
    }
  >
    <View
      animatedStyle={
        Object {
          "value": Object {
            "transform": Array [],
          },
        }
      }
      collapsable={false}
      style={
        Object {
          "alignSelf": "stretch",
          "display": "flex",
          "flexDirection": "row",
          "marginRight": 8,
          "transform": Array [],
        }
      }
    >
      <RNGestureHandlerButton
        collapsable={false}
        exclusive={true}
        onGestureEvent={[Function]}
        onGestureHandlerEvent={[Function]}
        onGestureHandlerStateChange={[Function]}
        onHandlerStateChange={[Function]}
        rippleColor={0}
      >
        <View
          accessibilityLabel="Press me!"
          accessibilityRole="button"
          accessible={true}
          style={Object {}}
        >
          <View
            animatedStyle={
              Object {
                "value": Object {
                  "transform": Array [],
                },
              }
            }
            collapsable={false}
            style={
              Object {
                "alignItems": "center",
                "alignSelf": "center",
                "backgroundColor": "#EDF1F7",
                "borderColor": "#EDF1F7",
                "borderRadius": 4,
                "borderWidth": 2,
                "display": "flex",
                "justifyContent": "center",
                "padding": 2,
                "transform": Array [],
              }
            }
          >
            <Text
              accessibilityLabel="checkmark Icon"
              accessible={true}
              allowFontScaling={false}
              animatedStyle={
                Object {
                  "value": Object {
                    "transform": Array [],
                  },
                }
              }
              checkedIconFamily="Ionicons"
              checkedIconName="checkmark-sharp"
              collapsable={false}
              indeterminateIconFamily="Ionicons"
              indeterminateIconName="remove-outline"
              style={
                Array [
                  Object {
                    "color": undefined,
                    "fontSize": 17.25,
                  },
                  Object {
                    "color": "transparent",
                    "display": "flex",
                    "transform": Array [],
                  },
                  Object {
                    "fontFamily": "ionicons",
                    "fontStyle": "normal",
                    "fontWeight": "normal",
                  },
                  Object {},
                ]
              }
            >
              
            </Text>
          </View>
        </View>
      </RNGestureHandlerButton>
    </View>
    <View
      animatedStyle={
        Object {
          "value": Object {
            "transform": Array [],
          },
        }
      }
      collapsable={false}
      style={
        Object {
          "alignSelf": "stretch",
          "display": "flex",
          "flexDirection": "row",
          "transform": Array [],
        }
      }
    >
      <Text
        accessibilityRole="text"
        accessible={true}
        allowFontScaling={true}
        animatedStyle={
          Object {
            "value": Object {
              "transform": Array [],
            },
          }
        }
        collapsable={false}
        style={
          Object {
            "alignSelf": "center",
            "color": "#1A2138",
            "display": "flex",
            "fontFamily": "Poppins-Regular",
            "fontSize": 16.099999999999998,
            "fontStyle": "normal",
            "fontWeight": "400",
            "includeFontPadding": false,
            "letterSpacing": 0,
            "lineHeight": 22,
            "transform": Array [],
          }
        }
        variant="p2"
      >
        Filled Checkbox
      </Text>
    </View>
  </View>
  <View
    accessibilityLabel="Outline Checkbox"
    accessibilityRole="checkbox"
    accessibilityState={
      Object {
        "checked": undefined,
        "disabled": false,
      }
    }
    accessible={true}
    animatedStyle={
      Object {
        "value": Object {
          "transform": Array [],
        },
      }
    }
    collapsable={false}
    direction="horizontal"
    spacing="xs"
    style={
      Object {
        "alignSelf": "flex-start",
        "display": "flex",
        "flexDirection": "row",
        "flexWrap": "wrap",
        "marginVertical": 4,
        "opacity": 1,
        "transform": Array [],
      }
    }
  >
    <View
      animatedStyle={
        Object {
          "value": Object {
            "transform": Array [],
          },
        }
      }
      collapsable={false}
      style={
        Object {
          "alignSelf": "stretch",
          "display": "flex",
          "flexDirection": "row",
          "marginRight": 8,
          "transform": Array [],
        }
      }
    >
      <RNGestureHandlerButton
        collapsable={false}
        exclusive={true}
        onGestureEvent={[Function]}
        onGestureHandlerEvent={[Function]}
        onGestureHandlerStateChange={[Function]}
        onHandlerStateChange={[Function]}
        rippleColor={0}
      >
        <View
          accessibilityLabel="Press me!"
          accessibilityRole="button"
          accessible={true}
          style={Object {}}
        >
          <View
            animatedStyle={
              Object {
                "value": Object {
                  "transform": Array [],
                },
              }
            }
            collapsable={false}
            style={
              Object {
                "alignItems": "center",
                "alignSelf": "center",
                "backgroundColor": "#FFFFFF",
                "borderColor": "#C5CEE0",
                "borderRadius": 4,
                "borderWidth": 2,
                "display": "flex",
                "justifyContent": "center",
                "padding": 2,
                "transform": Array [],
              }
            }
          >
            <Text
              accessibilityLabel="checkmark Icon"
              accessible={true}
              allowFontScaling={false}
              animatedStyle={
                Object {
                  "value": Object {
                    "transform": Array [],
                  },
                }
              }
              checkedIconFamily="Ionicons"
              checkedIconName="checkmark-sharp"
              collapsable={false}
              indeterminateIconFamily="Ionicons"
              indeterminateIconName="remove-outline"
              style={
                Array [
                  Object {
                    "color": undefined,
                    "fontSize": 17.25,
                  },
                  Object {
                    "color": "transparent",
                    "display": "flex",
                    "transform": Array [],
                  },
                  Object {
                    "fontFamily": "ionicons",
                    "fontStyle": "normal",
                    "fontWeight": "normal",
                  },
                  Object {},
                ]
              }
            >
              
            </Text>
          </View>
        </View>
      </RNGestureHandlerButton>
    </View>
    <View
      animatedStyle={
        Object {
          "value": Object {
            "transform": Array [],
          },
        }
      }
      collapsable={false}
      style={
        Object {
          "alignSelf": "stretch",
          "display": "flex",
          "flexDirection": "row",
          "transform": Array [],
        }
      }
    >
      <Text
        accessibilityRole="text"
        accessible={true}
        allowFontScaling={true}
        animatedStyle={
          Object {
            "value": Object {
              "transform": Array [],
            },
          }
        }
        collapsable={false}
        style={
          Object {
            "alignSelf": "center",
            "color": "#1A2138",
            "display": "flex",
            "fontFamily": "Poppins-Regular",
            "fontSize": 16.099999999999998,
            "fontStyle": "normal",
            "fontWeight": "400",
            "includeFontPadding": false,
            "letterSpacing": 0,
            "lineHeight": 22,
            "transform": Array [],
          }
        }
        variant="p2"
      >
        Outline Checkbox
      </Text>
    </View>
  </View>
</View>
`;

exports[`Molecules/CheckBox passes the snapshot test when in a checked/indeterminate state 1`] = `
<View
  style={
    Object {
      "flex": 1,
    }
  }
>
  <View
    accessibilityLabel="Indeterminate Checkbox"
    accessibilityRole="checkbox"
    accessibilityState={
      Object {
        "checked": true,
        "disabled": false,
      }
    }
    accessible={true}
    animatedStyle={
      Object {
        "value": Object {
          "transform": Array [],
        },
      }
    }
    collapsable={false}
    direction="horizontal"
    spacing="xs"
    style={
      Object {
        "alignSelf": "flex-start",
        "display": "flex",
        "flexDirection": "row",
        "flexWrap": "wrap",
        "marginVertical": 4,
        "opacity": 1,
        "transform": Array [],
      }
    }
  >
    <View
      animatedStyle={
        Object {
          "value": Object {
            "transform": Array [],
          },
        }
      }
      collapsable={false}
      style={
        Object {
          "alignSelf": "stretch",
          "display": "flex",
          "flexDirection": "row",
          "marginRight": 8,
          "transform": Array [],
        }
      }
    >
      <RNGestureHandlerButton
        collapsable={false}
        exclusive={true}
        onGestureEvent={[Function]}
        onGestureHandlerEvent={[Function]}
        onGestureHandlerStateChange={[Function]}
        onHandlerStateChange={[Function]}
        rippleColor={0}
      >
        <View
          accessibilityLabel="Press me!"
          accessibilityRole="button"
          accessible={true}
          style={Object {}}
        >
          <View
            animatedStyle={
              Object {
                "value": Object {
                  "transform": Array [],
                },
              }
            }
            collapsable={false}
            style={
              Object {
                "alignItems": "center",
                "alignSelf": "center",
                "backgroundColor": "#6A7BFF",
                "borderColor": "#6A7BFF",
                "borderRadius": 4,
                "borderWidth": 2,
                "display": "flex",
                "justifyContent": "center",
                "padding": 2,
                "transform": Array [],
              }
            }
          >
            <Text
              accessibilityLabel="remove-outline Icon"
              accessible={true}
              allowFontScaling={false}
              animatedStyle={
                Object {
                  "value": Object {
                    "transform": Array [],
                  },
                }
              }
              checkedIconFamily="Ionicons"
              checkedIconName="checkmark-sharp"
              collapsable={false}
              indeterminateIconFamily="Ionicons"
              indeterminateIconName="remove-outline"
              style={
                Array [
                  Object {
                    "color": undefined,
                    "fontSize": 17.25,
                  },
                  Object {
                    "color": "#FFFFFF",
                    "display": "flex",
                    "transform": Array [],
                  },
                  Object {
                    "fontFamily": "ionicons",
                    "fontStyle": "normal",
                    "fontWeight": "normal",
                  },
                  Object {},
                ]
              }
            >
              
            </Text>
          </View>
        </View>
      </RNGestureHandlerButton>
    </View>
    <View
      animatedStyle={
        Object {
          "value": Object {
            "transform": Array [],
          },
        }
      }
      collapsable={false}
      style={
        Object {
          "alignSelf": "stretch",
          "display": "flex",
          "flexDirection": "row",
          "transform": Array [],
        }
      }
    >
      <Text
        accessibilityRole="text"
        accessible={true}
        allowFontScaling={true}
        animatedStyle={
          Object {
            "value": Object {
              "transform": Array [],
            },
          }
        }
        collapsable={false}
        style={
          Object {
            "alignSelf": "center",
            "color": "#1A2138",
            "display": "flex",
            "fontFamily": "Poppins-Regular",
            "fontSize": 16.099999999999998,
            "fontStyle": "normal",
            "fontWeight": "400",
            "includeFontPadding": false,
            "letterSpacing": 0,
            "lineHeight": 22,
            "transform": Array [],
          }
        }
        variant="p2"
      >
        Indeterminate Checkbox
      </Text>
    </View>
  </View>
  <View
    accessibilityLabel="Checked Checkbox"
    accessibilityRole="checkbox"
    accessibilityState={
      Object {
        "checked": true,
        "disabled": false,
      }
    }
    accessible={true}
    animatedStyle={
      Object {
        "value": Object {
          "transform": Array [],
        },
      }
    }
    collapsable={false}
    direction="horizontal"
    spacing="xs"
    style={
      Object {
        "alignSelf": "flex-start",
        "display": "flex",
        "flexDirection": "row",
        "flexWrap": "wrap",
        "marginVertical": 4,
        "opacity": 1,
        "transform": Array [],
      }
    }
  >
    <View
      animatedStyle={
        Object {
          "value": Object {
            "transform": Array [],
          },
        }
      }
      collapsable={false}
      style={
        Object {
          "alignSelf": "stretch",
          "display": "flex",
          "flexDirection": "row",
          "marginRight": 8,
          "transform": Array [],
        }
      }
    >
      <RNGestureHandlerButton
        collapsable={false}
        exclusive={true}
        onGestureEvent={[Function]}
        onGestureHandlerEvent={[Function]}
        onGestureHandlerStateChange={[Function]}
        onHandlerStateChange={[Function]}
        rippleColor={0}
      >
        <View
          accessibilityLabel="Press me!"
          accessibilityRole="button"
          accessible={true}
          style={Object {}}
        >
          <View
            animatedStyle={
              Object {
                "value": Object {
                  "transform": Array [],
                },
              }
            }
            collapsable={false}
            style={
              Object {
                "alignItems": "center",
                "alignSelf": "center",
                "backgroundColor": "#6A7BFF",
                "borderColor": "#6A7BFF",
                "borderRadius": 4,
                "borderWidth": 2,
                "display": "flex",
                "justifyContent": "center",
                "padding": 2,
                "transform": Array [],
              }
            }
          >
            <Text
              accessibilityLabel="checkmark Icon"
              accessible={true}
              allowFontScaling={false}
              animatedStyle={
                Object {
                  "value": Object {
                    "transform": Array [],
                  },
                }
              }
              checkedIconFamily="Ionicons"
              checkedIconName="checkmark-sharp"
              collapsable={false}
              indeterminateIconFamily="Ionicons"
              indeterminateIconName="remove-outline"
              style={
                Array [
                  Object {
                    "color": undefined,
                    "fontSize": 17.25,
                  },
                  Object {
                    "color": "#FFFFFF",
                    "display": "flex",
                    "transform": Array [],
                  },
                  Object {
                    "fontFamily": "ionicons",
                    "fontStyle": "normal",
                    "fontWeight": "normal",
                  },
                  Object {},
                ]
              }
            >
              
            </Text>
          </View>
        </View>
      </RNGestureHandlerButton>
    </View>
    <View
      animatedStyle={
        Object {
          "value": Object {
            "transform": Array [],
          },
        }
      }
      collapsable={false}
      style={
        Object {
          "alignSelf": "stretch",
          "display": "flex",
          "flexDirection": "row",
          "transform": Array [],
        }
      }
    >
      <Text
        accessibilityRole="text"
        accessible={true}
        allowFontScaling={true}
        animatedStyle={
          Object {
            "value": Object {
              "transform": Array [],
            },
          }
        }
        collapsable={false}
        style={
          Object {
            "alignSelf": "center",
            "color": "#1A2138",
            "display": "flex",
            "fontFamily": "Poppins-Regular",
            "fontSize": 16.099999999999998,
            "fontStyle": "normal",
            "fontWeight": "400",
            "includeFontPadding": false,
            "letterSpacing": 0,
            "lineHeight": 22,
            "transform": Array [],
          }
        }
        variant="p2"
      >
        Checked Checkbox
      </Text>
    </View>
  </View>
  <View
    accessibilityLabel="Indeterminate Checkbox"
    accessibilityRole="checkbox"
    accessibilityState={
      Object {
        "checked": true,
        "disabled": false,
      }
    }
    accessible={true}
    animatedStyle={
      Object {
        "value": Object {
          "transform": Array [],
        },
      }
    }
    collapsable={false}
    direction="horizontal"
    spacing="xs"
    style={
      Object {
        "alignSelf": "flex-start",
        "display": "flex",
        "flexDirection": "row",
        "flexWrap": "wrap",
        "marginVertical": 4,
        "opacity": 1,
        "transform": Array [],
      }
    }
  >
    <View
      animatedStyle={
        Object {
          "value": Object {
            "transform": Array [],
          },
        }
      }
      collapsable={false}
      style={
        Object {
          "alignSelf": "stretch",
          "display": "flex",
          "flexDirection": "row",
          "marginRight": 8,
          "transform": Array [],
        }
      }
    >
      <RNGestureHandlerButton
        collapsable={false}
        exclusive={true}
        onGestureEvent={[Function]}
        onGestureHandlerEvent={[Function]}
        onGestureHandlerStateChange={[Function]}
        onHandlerStateChange={[Function]}
        rippleColor={0}
      >
        <View
          accessibilityLabel="Press me!"
          accessibilityRole="button"
          accessible={true}
          style={Object {}}
        >
          <View
            animatedStyle={
              Object {
                "value": Object {
                  "transform": Array [],
                },
              }
            }
            collapsable={false}
            style={
              Object {
                "alignItems": "center",
                "alignSelf": "center",
                "backgroundColor": "#6A7BFF",
                "borderColor": "#6A7BFF",
                "borderRadius": 4,
                "borderWidth": 2,
                "display": "flex",
                "justifyContent": "center",
                "padding": 2,
                "transform": Array [],
              }
            }
          >
            <Text
              accessibilityLabel="remove-outline Icon"
              accessible={true}
              allowFontScaling={false}
              animatedStyle={
                Object {
                  "value": Object {
                    "transform": Array [],
                  },
                }
              }
              checkedIconFamily="Ionicons"
              checkedIconName="checkmark-sharp"
              collapsable={false}
              indeterminateIconFamily="Ionicons"
              indeterminateIconName="remove-outline"
              style={
                Array [
                  Object {
                    "color": undefined,
                    "fontSize": 17.25,
                  },
                  Object {
                    "color": "#FFFFFF",
                    "display": "flex",
                    "transform": Array [],
                  },
                  Object {
                    "fontFamily": "ionicons",
                    "fontStyle": "normal",
                    "fontWeight": "normal",
                  },
                  Object {},
                ]
              }
            >
              
            </Text>
          </View>
        </View>
      </RNGestureHandlerButton>
    </View>
    <View
      animatedStyle={
        Object {
          "value": Object {
            "transform": Array [],
          },
        }
      }
      collapsable={false}
      style={
        Object {
          "alignSelf": "stretch",
          "display": "flex",
          "flexDirection": "row",
          "transform": Array [],
        }
      }
    >
      <Text
        accessibilityRole="text"
        accessible={true}
        allowFontScaling={true}
        animatedStyle={
          Object {
            "value": Object {
              "transform": Array [],
            },
          }
        }
        collapsable={false}
        style={
          Object {
            "alignSelf": "center",
            "color": "#1A2138",
            "display": "flex",
            "fontFamily": "Poppins-Regular",
            "fontSize": 16.099999999999998,
            "fontStyle": "normal",
            "fontWeight": "400",
            "includeFontPadding": false,
            "letterSpacing": 0,
            "lineHeight": 22,
            "transform": Array [],
          }
        }
        variant="p2"
      >
        Indeterminate Checkbox
      </Text>
    </View>
  </View>
  <View
    accessibilityLabel="Checked Checkbox"
    accessibilityRole="checkbox"
    accessibilityState={
      Object {
        "checked": true,
        "disabled": false,
      }
    }
    accessible={true}
    animatedStyle={
      Object {
        "value": Object {
          "transform": Array [],
        },
      }
    }
    collapsable={false}
    direction="horizontal"
    spacing="xs"
    style={
      Object {
        "alignSelf": "flex-start",
        "display": "flex",
        "flexDirection": "row",
        "flexWrap": "wrap",
        "marginVertical": 4,
        "opacity": 1,
        "transform": Array [],
      }
    }
  >
    <View
      animatedStyle={
        Object {
          "value": Object {
            "transform": Array [],
          },
        }
      }
      collapsable={false}
      style={
        Object {
          "alignSelf": "stretch",
          "display": "flex",
          "flexDirection": "row",
          "marginRight": 8,
          "transform": Array [],
        }
      }
    >
      <RNGestureHandlerButton
        collapsable={false}
        exclusive={true}
        onGestureEvent={[Function]}
        onGestureHandlerEvent={[Function]}
        onGestureHandlerStateChange={[Function]}
        onHandlerStateChange={[Function]}
        rippleColor={0}
      >
        <View
          accessibilityLabel="Press me!"
          accessibilityRole="button"
          accessible={true}
          style={Object {}}
        >
          <View
            animatedStyle={
              Object {
                "value": Object {
                  "transform": Array [],
                },
              }
            }
            collapsable={false}
            style={
              Object {
                "alignItems": "center",
                "alignSelf": "center",
                "backgroundColor": "#6A7BFF",
                "borderColor": "#6A7BFF",
                "borderRadius": 4,
                "borderWidth": 2,
                "display": "flex",
                "justifyContent": "center",
                "padding": 2,
                "transform": Array [],
              }
            }
          >
            <Text
              accessibilityLabel="checkmark Icon"
              accessible={true}
              allowFontScaling={false}
              animatedStyle={
                Object {
                  "value": Object {
                    "transform": Array [],
                  },
                }
              }
              checkedIconFamily="Ionicons"
              checkedIconName="checkmark-sharp"
              collapsable={false}
              indeterminateIconFamily="Ionicons"
              indeterminateIconName="remove-outline"
              style={
                Array [
                  Object {
                    "color": undefined,
                    "fontSize": 17.25,
                  },
                  Object {
                    "color": "#FFFFFF",
                    "display": "flex",
                    "transform": Array [],
                  },
                  Object {
                    "fontFamily": "ionicons",
                    "fontStyle": "normal",
                    "fontWeight": "normal",
                  },
                  Object {},
                ]
              }
            >
              
            </Text>
          </View>
        </View>
      </RNGestureHandlerButton>
    </View>
    <View
      animatedStyle={
        Object {
          "value": Object {
            "transform": Array [],
          },
        }
      }
      collapsable={false}
      style={
        Object {
          "alignSelf": "stretch",
          "display": "flex",
          "flexDirection": "row",
          "transform": Array [],
        }
      }
    >
      <Text
        accessibilityRole="text"
        accessible={true}
        allowFontScaling={true}
        animatedStyle={
          Object {
            "value": Object {
              "transform": Array [],
            },
          }
        }
        collapsable={false}
        style={
          Object {
            "alignSelf": "center",
            "color": "#1A2138",
            "display": "flex",
            "fontFamily": "Poppins-Regular",
            "fontSize": 16.099999999999998,
            "fontStyle": "normal",
            "fontWeight": "400",
            "includeFontPadding": false,
            "letterSpacing": 0,
            "lineHeight": 22,
            "transform": Array [],
          }
        }
        variant="p2"
      >
        Checked Checkbox
      </Text>
    </View>
  </View>
</View>
`;

exports[`Molecules/CheckBox passes the snapshot test when in an error state 1`] = `
<View
  style={
    Object {
      "flex": 1,
    }
  }
>
  <View
    accessibilityLabel="Error Checkbox"
    accessibilityRole="checkbox"
    accessibilityState={
      Object {
        "checked": undefined,
        "disabled": false,
      }
    }
    accessible={true}
    animatedStyle={
      Object {
        "value": Object {
          "transform": Array [],
        },
      }
    }
    collapsable={false}
    direction="horizontal"
    spacing="xs"
    style={
      Object {
        "alignSelf": "flex-start",
        "display": "flex",
        "flexDirection": "row",
        "flexWrap": "wrap",
        "marginVertical": 4,
        "opacity": 1,
        "transform": Array [],
      }
    }
  >
    <View
      animatedStyle={
        Object {
          "value": Object {
            "transform": Array [],
          },
        }
      }
      collapsable={false}
      style={
        Object {
          "alignSelf": "stretch",
          "display": "flex",
          "flexDirection": "row",
          "marginRight": 8,
          "transform": Array [],
        }
      }
    >
      <RNGestureHandlerButton
        collapsable={false}
        exclusive={true}
        onGestureEvent={[Function]}
        onGestureHandlerEvent={[Function]}
        onGestureHandlerStateChange={[Function]}
        onHandlerStateChange={[Function]}
        rippleColor={0}
      >
        <View
          accessibilityLabel="Press me!"
          accessibilityRole="button"
          accessible={true}
          style={Object {}}
        >
          <View
            animatedStyle={
              Object {
                "value": Object {
                  "transform": Array [],
                },
              }
            }
            collapsable={false}
            style={
              Object {
                "alignItems": "center",
                "alignSelf": "center",
                "backgroundColor": "#EDF1F7",
                "borderColor": "#FF4B42",
                "borderRadius": 4,
                "borderWidth": 2,
                "display": "flex",
                "justifyContent": "center",
                "padding": 2,
                "transform": Array [],
              }
            }
          >
            <Text
              accessibilityLabel="checkmark Icon"
              accessible={true}
              allowFontScaling={false}
              animatedStyle={
                Object {
                  "value": Object {
                    "transform": Array [],
                  },
                }
              }
              checkedIconFamily="Ionicons"
              checkedIconName="checkmark-sharp"
              collapsable={false}
              indeterminateIconFamily="Ionicons"
              indeterminateIconName="remove-outline"
              style={
                Array [
                  Object {
                    "color": undefined,
                    "fontSize": 17.25,
                  },
                  Object {
                    "color": "transparent",
                    "display": "flex",
                    "transform": Array [],
                  },
                  Object {
                    "fontFamily": "ionicons",
                    "fontStyle": "normal",
                    "fontWeight": "normal",
                  },
                  Object {},
                ]
              }
            >
              
            </Text>
          </View>
        </View>
      </RNGestureHandlerButton>
    </View>
    <View
      animatedStyle={
        Object {
          "value": Object {
            "transform": Array [],
          },
        }
      }
      collapsable={false}
      style={
        Object {
          "alignSelf": "stretch",
          "display": "flex",
          "flexDirection": "row",
          "transform": Array [],
        }
      }
    >
      <Text
        accessibilityRole="text"
        accessible={true}
        allowFontScaling={true}
        animatedStyle={
          Object {
            "value": Object {
              "transform": Array [],
            },
          }
        }
        collapsable={false}
        style={
          Object {
            "alignSelf": "center",
            "color": "#1A2138",
            "display": "flex",
            "fontFamily": "Poppins-Regular",
            "fontSize": 16.099999999999998,
            "fontStyle": "normal",
            "fontWeight": "400",
            "includeFontPadding": false,
            "letterSpacing": 0,
            "lineHeight": 22,
            "transform": Array [],
          }
        }
        variant="p2"
      >
        Error Checkbox
      </Text>
    </View>
  </View>
  <View
    accessibilityLabel="Error Checkbox with message"
    accessibilityRole="checkbox"
    accessibilityState={
      Object {
        "checked": undefined,
        "disabled": false,
      }
    }
    accessible={true}
    animatedStyle={
      Object {
        "value": Object {
          "transform": Array [],
        },
      }
    }
    collapsable={false}
    direction="horizontal"
    spacing="xs"
    style={
      Object {
        "alignSelf": "flex-start",
        "display": "flex",
        "flexDirection": "row",
        "flexWrap": "wrap",
        "marginVertical": 4,
        "opacity": 1,
        "transform": Array [],
      }
    }
  >
    <View
      animatedStyle={
        Object {
          "value": Object {
            "transform": Array [],
          },
        }
      }
      collapsable={false}
      style={
        Object {
          "alignSelf": "stretch",
          "display": "flex",
          "flexDirection": "row",
          "marginRight": 8,
          "transform": Array [],
        }
      }
    >
      <RNGestureHandlerButton
        collapsable={false}
        exclusive={true}
        onGestureEvent={[Function]}
        onGestureHandlerEvent={[Function]}
        onGestureHandlerStateChange={[Function]}
        onHandlerStateChange={[Function]}
        rippleColor={0}
      >
        <View
          accessibilityLabel="Press me!"
          accessibilityRole="button"
          accessible={true}
          style={Object {}}
        >
          <View
            animatedStyle={
              Object {
                "value": Object {
                  "transform": Array [],
                },
              }
            }
            collapsable={false}
            style={
              Object {
                "alignItems": "center",
                "alignSelf": "center",
                "backgroundColor": "#EDF1F7",
                "borderColor": "#FF4B42",
                "borderRadius": 4,
                "borderWidth": 2,
                "display": "flex",
                "justifyContent": "center",
                "padding": 2,
                "transform": Array [],
              }
            }
          >
            <Text
              accessibilityLabel="checkmark Icon"
              accessible={true}
              allowFontScaling={false}
              animatedStyle={
                Object {
                  "value": Object {
                    "transform": Array [],
                  },
                }
              }
              checkedIconFamily="Ionicons"
              checkedIconName="checkmark-sharp"
              collapsable={false}
              indeterminateIconFamily="Ionicons"
              indeterminateIconName="remove-outline"
              style={
                Array [
                  Object {
                    "color": undefined,
                    "fontSize": 17.25,
                  },
                  Object {
                    "color": "transparent",
                    "display": "flex",
                    "transform": Array [],
                  },
                  Object {
                    "fontFamily": "ionicons",
                    "fontStyle": "normal",
                    "fontWeight": "normal",
                  },
                  Object {},
                ]
              }
            >
              
            </Text>
          </View>
        </View>
      </RNGestureHandlerButton>
    </View>
    <View
      animatedStyle={
        Object {
          "value": Object {
            "transform": Array [],
          },
        }
      }
      collapsable={false}
      style={
        Object {
          "alignSelf": "stretch",
          "display": "flex",
          "flexDirection": "row",
          "transform": Array [],
        }
      }
    >
      <Text
        accessibilityRole="text"
        accessible={true}
        allowFontScaling={true}
        animatedStyle={
          Object {
            "value": Object {
              "transform": Array [],
            },
          }
        }
        collapsable={false}
        style={
          Object {
            "alignSelf": "center",
            "color": "#1A2138",
            "display": "flex",
            "fontFamily": "Poppins-Regular",
            "fontSize": 16.099999999999998,
            "fontStyle": "normal",
            "fontWeight": "400",
            "includeFontPadding": false,
            "letterSpacing": 0,
            "lineHeight": 22,
            "transform": Array [],
          }
        }
        variant="p2"
      >
        Error Checkbox with message
      </Text>
    </View>
  </View>
  <Text
    accessibilityRole="text"
    accessible={true}
    allowFontScaling={true}
    animatedStyle={
      Object {
        "value": Object {
          "transform": Array [],
        },
      }
    }
    collapsable={false}
    style={
      Object {
        "color": "#FF4B42",
        "display": "flex",
        "fontFamily": "Poppins-Regular",
        "fontSize": 13.799999999999999,
        "fontStyle": "normal",
        "fontWeight": "400",
        "includeFontPadding": false,
        "letterSpacing": 0,
        "lineHeight": 20,
        "marginBottom": 4,
        "transform": Array [],
      }
    }
    variant="caption"
  >
    This is an error message!
  </Text>
</View>
`;

exports[`Molecules/CheckBox passes the snapshot test when using style props 1`] = `
<View
  style={
    Object {
      "flex": 1,
    }
  }
>
  <View
    accessibilityLabel="Button press"
    accessibilityRole="checkbox"
    accessibilityState={
      Object {
        "checked": undefined,
        "disabled": false,
      }
    }
    accessible={true}
    animatedStyle={
      Object {
        "value": Object {
          "transform": Array [],
        },
      }
    }
    collapsable={false}
    direction="horizontal"
    spacing="xs"
    style={
      Object {
        "alignSelf": "flex-start",
        "backgroundColor": "#6A7BFF",
        "borderColor": "#C5CEE0",
        "borderWidth": 2,
        "display": "flex",
        "flexDirection": "row",
        "flexWrap": "wrap",
        "marginVertical": 4,
        "opacity": 1,
        "transform": Array [],
      }
    }
  >
    <View
      animatedStyle={
        Object {
          "value": Object {
            "transform": Array [],
          },
        }
      }
      collapsable={false}
      style={
        Object {
          "alignSelf": "stretch",
          "display": "flex",
          "flexDirection": "row",
          "marginRight": 8,
          "transform": Array [],
        }
      }
    >
      <RNGestureHandlerButton
        collapsable={false}
        exclusive={true}
        onGestureEvent={[Function]}
        onGestureHandlerEvent={[Function]}
        onGestureHandlerStateChange={[Function]}
        onHandlerStateChange={[Function]}
        rippleColor={0}
      >
        <View
          accessibilityLabel="Press me!"
          accessibilityRole="button"
          accessible={true}
          style={Object {}}
        >
          <View
            animatedStyle={
              Object {
                "value": Object {
                  "transform": Array [],
                },
              }
            }
            collapsable={false}
            style={
              Object {
                "alignItems": "center",
                "alignSelf": "center",
                "backgroundColor": "#EDF1F7",
                "borderColor": "#EDF1F7",
                "borderRadius": 4,
                "borderWidth": 2,
                "display": "flex",
                "justifyContent": "center",
                "padding": 2,
                "transform": Array [],
              }
            }
          >
            <Text
              accessibilityLabel="checkmark Icon"
              accessible={true}
              allowFontScaling={false}
              animatedStyle={
                Object {
                  "value": Object {
                    "transform": Array [],
                  },
                }
              }
              checkedIconFamily="Ionicons"
              checkedIconName="checkmark-sharp"
              collapsable={false}
              indeterminateIconFamily="Ionicons"
              indeterminateIconName="remove-outline"
              style={
                Array [
                  Object {
                    "color": undefined,
                    "fontSize": 17.25,
                  },
                  Object {
                    "color": "transparent",
                    "display": "flex",
                    "transform": Array [],
                  },
                  Object {
                    "fontFamily": "ionicons",
                    "fontStyle": "normal",
                    "fontWeight": "normal",
                  },
                  Object {},
                ]
              }
            >
              
            </Text>
          </View>
        </View>
      </RNGestureHandlerButton>
    </View>
    <View
      animatedStyle={
        Object {
          "value": Object {
            "transform": Array [],
          },
        }
      }
      collapsable={false}
      style={
        Object {
          "alignSelf": "stretch",
          "display": "flex",
          "flexDirection": "row",
          "transform": Array [],
        }
      }
    >
      <Text
        accessibilityRole="text"
        accessible={true}
        allowFontScaling={true}
        animatedStyle={
          Object {
            "value": Object {
              "transform": Array [],
            },
          }
        }
        collapsable={false}
        style={
          Object {
            "alignSelf": "center",
            "color": "#1A2138",
            "display": "flex",
            "fontFamily": "Poppins-Regular",
            "fontSize": 16.099999999999998,
            "fontStyle": "normal",
            "fontWeight": "400",
            "includeFontPadding": false,
            "letterSpacing": 0,
            "lineHeight": 22,
            "transform": Array [],
          }
        }
        variant="p2"
      >
        Button press
      </Text>
    </View>
  </View>
</View>
`;
