// Jest Snapshot v1, https://goo.gl/fbAQLP

exports[`Atoms/Spacer passes the snapshot test 1`] = `
<View
  style={
    {
      "flex": 1,
    }
  }
>
  <View
    animate={{}}
    animatedStyle={
      {
        "value": {},
      }
    }
    collapsable={false}
    style={
      {
        "flexDirection": "row",
      }
    }
    transition={
      {
        "dampingRatio": 1,
        "duration": 100,
        "type": "spring",
      }
    }
  >
    <View
      animate={
        {
          "backgroundColor": "#FF8371",
          "padding": "l",
        }
      }
      animatedStyle={
        {
          "value": {
            "backgroundColor": "#FF8371",
            "padding": "l",
          },
        }
      }
      collapsable={false}
      style={
        {
          "backgroundColor": "#FF8371",
          "padding": "l",
        }
      }
      transition={
        {
          "dampingRatio": 1,
          "duration": 100,
          "type": "spring",
        }
      }
    >
      <Text
        accessibilityRole="text"
        accessible={true}
        allowFontScaling={true}
        animate={
          {
            "color": "#1A2138",
          }
        }
        animatedStyle={
          {
            "value": {
              "color": "#1A2138",
            },
          }
        }
        collapsable={false}
        style={
          {
            "color": "#1A2138",
            "fontFamily": "Poppins-Regular",
            "fontSize": 16.099999999999998,
            "fontStyle": "normal",
            "fontWeight": "400",
            "includeFontPadding": false,
            "letterSpacing": 0,
            "lineHeight": 22,
          }
        }
        transition={
          {
            "dampingRatio": 1,
            "duration": 100,
            "type": "spring",
          }
        }
      >
        Box 1
      </Text>
    </View>
    <View
      animate={
        {
          "alignSelf": "stretch",
        }
      }
      animatedStyle={
        {
          "value": {
            "alignSelf": "stretch",
          },
        }
      }
      collapsable={false}
      style={
        {
          "alignSelf": "stretch",
          "flex": 1,
        }
      }
      transition={
        {
          "dampingRatio": 1,
          "duration": 100,
          "type": "spring",
        }
      }
    />
    <View
      animate={
        {
          "backgroundColor": "#48BB78",
          "padding": "l",
        }
      }
      animatedStyle={
        {
          "value": {
            "backgroundColor": "#48BB78",
            "padding": "l",
          },
        }
      }
      collapsable={false}
      style={
        {
          "backgroundColor": "#48BB78",
          "padding": "l",
        }
      }
      transition={
        {
          "dampingRatio": 1,
          "duration": 100,
          "type": "spring",
        }
      }
    >
      <Text
        accessibilityRole="text"
        accessible={true}
        allowFontScaling={true}
        animate={
          {
            "color": "#1A2138",
          }
        }
        animatedStyle={
          {
            "value": {
              "color": "#1A2138",
            },
          }
        }
        collapsable={false}
        style={
          {
            "color": "#1A2138",
            "fontFamily": "Poppins-Regular",
            "fontSize": 16.099999999999998,
            "fontStyle": "normal",
            "fontWeight": "400",
            "includeFontPadding": false,
            "letterSpacing": 0,
            "lineHeight": 22,
          }
        }
        transition={
          {
            "dampingRatio": 1,
            "duration": 100,
            "type": "spring",
          }
        }
      >
        Box 2
      </Text>
    </View>
  </View>
</View>
`;
