// Jest Snapshot v1, https://goo.gl/fbAQLP

exports[`Atoms/Center passes the snapshot test 1`] = `
<View
  onLayout={[Function]}
  style={
    Object {
      "alignItems": "center",
      "borderRadius": undefined,
      "display": "flex",
      "justifyContent": "center",
    }
  }
>
  This is centered
</View>
`;
